// Jest Snapshot v1, https://goo.gl/fbAQLP

exports[`matches snapshot 1`] = `
<DocumentFragment>
  <a
    class="sc-bdVaJa jfxeqi"
    href="/home"
  >
    Home
  </a>
</DocumentFragment>
`;
